[    0.000000] Initializing cgroup subsys cpuset
[    0.000000] Initializing cgroup subsys cpu
[    0.000000] Initializing cgroup subsys cpuacct
[    0.000000] Linux version 4.4.0-66-generic (buildd@lgw01-28) (gcc version 5.4.0 20160609 (Ubuntu 5.4.0-6ubuntu1~16.04.4) ) #87-Ubuntu SMP Fri Mar 3 15:29:05 UTC 2017 (Ubuntu 4.4.0-66.87-generic 4.4.44)
[    0.000000] Command line: BOOT_IMAGE=/boot/vmlinuz-4.4.0-66-generic root=LABEL=cloudimg-rootfs ro console=tty1 console=ttyS0
[    0.000000] KERNEL supported cpus:
[    0.000000]   Intel GenuineIntel
[    0.000000]   AMD AuthenticAMD
[    0.000000]   Centaur CentaurHauls
[    0.000000] x86/fpu: xstate_offset[2]:  576, xstate_sizes[2]:  256
[    0.000000] x86/fpu: Supporting XSAVE feature 0x01: 'x87 floating point registers'
[    0.000000] x86/fpu: Supporting XSAVE feature 0x02: 'SSE registers'
[    0.000000] x86/fpu: Supporting XSAVE feature 0x04: 'AVX registers'
[    0.000000] x86/fpu: Enabled xstate features 0x7, context size is 832 bytes, using 'standard' format.
[    0.000000] x86/fpu: Using 'lazy' FPU context switches.
[    0.000000] e820: BIOS-provided physical RAM map:
[    0.000000] BIOS-e820: [mem 0x0000000000000000-0x000000000009fbff] usable
[    0.000000] BIOS-e820: [mem 0x000000000009fc00-0x000000000009ffff] reserved
[    0.000000] BIOS-e820: [mem 0x00000000000f0000-0x00000000000fffff] reserved
[    0.000000] BIOS-e820: [mem 0x0000000000100000-0x000000003ffeffff] usable
[    0.000000] BIOS-e820: [mem 0x000000003fff0000-0x000000003fffffff] ACPI data
[    0.000000] BIOS-e820: [mem 0x00000000fec00000-0x00000000fec00fff] reserved
[    0.000000] BIOS-e820: [mem 0x00000000fee00000-0x00000000fee00fff] reserved
[    0.000000] BIOS-e820: [mem 0x00000000fffc0000-0x00000000ffffffff] reserved
[    0.000000] NX (Execute Disable) protection: active
[    0.000000] SMBIOS 2.5 present.
[    0.000000] Hypervisor detected: KVM
[    0.000000] e820: last_pfn = 0x3fff0 max_arch_pfn = 0x400000000
[    0.000000] MTRR: Disabled
[    0.000000] x86/PAT: MTRRs disabled, skipping PAT initialization too.
[    0.000000] x86/PAT: Configuration [0-7]: WB  WT  UC- UC  WB  WT  UC- UC  
[    0.000000] CPU MTRRs all blank - virtualized system.
[    0.000000] found SMP MP-table at [mem 0x0009fff0-0x0009ffff] mapped at [ffff88000009fff0]
[    0.000000] Scanning 1 areas for low memory corruption
[    0.000000] RAMDISK: [mem 0x36ac8000-0x3755bfff]
[    0.000000] ACPI: Early table checksum verification disabled
[    0.000000] ACPI: RSDP 0x00000000000E0000 000024 (v02 VBOX  )
[    0.000000] ACPI: XSDT 0x000000003FFF0030 00003C (v01 VBOX   VBOXXSDT 00000001 ASL  00000061)
[    0.000000] ACPI: FACP 0x000000003FFF00F0 0000F4 (v04 VBOX   VBOXFACP 00000001 ASL  00000061)
[    0.000000] ACPI: DSDT 0x000000003FFF0470 00210F (v01 VBOX   VBOXBIOS 00000002 INTL 20100528)
[    0.000000] ACPI: FACS 0x000000003FFF0200 000040
[    0.000000] ACPI: FACS 0x000000003FFF0200 000040
[    0.000000] ACPI: APIC 0x000000003FFF0240 00005C (v02 VBOX   VBOXAPIC 00000001 ASL  00000061)
[    0.000000] ACPI: SSDT 0x000000003FFF02A0 0001CC (v01 VBOX   VBOXCPUT 00000002 INTL 20100528)
[    0.000000] No NUMA configuration found
[    0.000000] Faking a node at [mem 0x0000000000000000-0x000000003ffeffff]
[    0.000000] NODE_DATA(0) allocated [mem 0x3ffeb000-0x3ffeffff]
[    0.000000] kvm-clock: Using msrs 4b564d01 and 4b564d00
[    0.000000] kvm-clock: cpu 0, msr 0:3ffe3001, primary cpu clock
[    0.000000] kvm-clock: using sched offset of 3053216682 cycles
[    0.000000] clocksource: kvm-clock: mask: 0xffffffffffffffff max_cycles: 0x1cd42e4dffb, max_idle_ns: 881590591483 ns
[    0.000000] Zone ranges:
[    0.000000]   DMA      [mem 0x0000000000001000-0x0000000000ffffff]
[    0.000000]   DMA32    [mem 0x0000000001000000-0x000000003ffeffff]
[    0.000000]   Normal   empty
[    0.000000]   Device   empty
[    0.000000] Movable zone start for each node
[    0.000000] Early memory node ranges
[    0.000000]   node   0: [mem 0x0000000000001000-0x000000000009efff]
[    0.000000]   node   0: [mem 0x0000000000100000-0x000000003ffeffff]
[    0.000000] Initmem setup node 0 [mem 0x0000000000001000-0x000000003ffeffff]
[    0.000000] ACPI: PM-Timer IO Port: 0x4008
[    0.000000] IOAPIC[0]: apic_id 2, version 32, address 0xfec00000, GSI 0-23
[    0.000000] ACPI: INT_SRC_OVR (bus 0 bus_irq 0 global_irq 2 dfl dfl)
[    0.000000] ACPI: INT_SRC_OVR (bus 0 bus_irq 9 global_irq 9 high level)
[    0.000000] Using ACPI (MADT) for SMP configuration information
[    0.000000] smpboot: Allowing 2 CPUs, 0 hotplug CPUs
[    0.000000] PM: Registered nosave memory: [mem 0x00000000-0x00000fff]
[    0.000000] PM: Registered nosave memory: [mem 0x0009f000-0x0009ffff]
[    0.000000] PM: Registered nosave memory: [mem 0x000a0000-0x000effff]
[    0.000000] PM: Registered nosave memory: [mem 0x000f0000-0x000fffff]
[    0.000000] e820: [mem 0x40000000-0xfebfffff] available for PCI devices
[    0.000000] Booting paravirtualized kernel on KVM
[    0.000000] clocksource: refined-jiffies: mask: 0xffffffff max_cycles: 0xffffffff, max_idle_ns: 7645519600211568 ns
[    0.000000] setup_percpu: NR_CPUS:512 nr_cpumask_bits:512 nr_cpu_ids:2 nr_node_ids:1
[    0.000000] PERCPU: Embedded 33 pages/cpu @ffff88003fc00000 s98264 r8192 d28712 u1048576
[    0.000000] PV qspinlock hash table entries: 256 (order: 0, 4096 bytes)
[    0.000000] Built 1 zonelists in Node order, mobility grouping on.  Total pages: 257913
[    0.000000] Policy zone: DMA32
[    0.000000] Kernel command line: BOOT_IMAGE=/boot/vmlinuz-4.4.0-66-generic root=LABEL=cloudimg-rootfs ro console=tty1 console=ttyS0
[    0.000000] PID hash table entries: 4096 (order: 3, 32768 bytes)
[    0.000000] Memory: 1001744K/1048120K available (8452K kernel code, 1293K rwdata, 3980K rodata, 1488K init, 1316K bss, 46376K reserved, 0K cma-reserved)
[    0.000000] SLUB: HWalign=64, Order=0-3, MinObjects=0, CPUs=2, Nodes=1
[    0.000000] Hierarchical RCU implementation.
[    0.000000] 	Build-time adjustment of leaf fanout to 64.
[    0.000000] 	RCU restricting CPUs from NR_CPUS=512 to nr_cpu_ids=2.
[    0.000000] RCU: Adjusting geometry for rcu_fanout_leaf=64, nr_cpu_ids=2
[    0.000000] NR_IRQS:33024 nr_irqs:440 16
[    0.000000] Console: colour VGA+ 80x25
[    0.000000] console [tty1] enabled
[    0.000000] console [ttyS0] enabled
[    0.000000] tsc: Detected 2699.998 MHz processor
[    4.842053] Calibrating delay loop (skipped) preset value.. 5399.99 BogoMIPS (lpj=10799992)
[    4.948034] pid_max: default: 32768 minimum: 301
[    5.001930] ACPI: Core revision 20150930
[    5.049489] ACPI: 2 ACPI AML tables successfully acquired and loaded
[    5.126960] Security Framework initialized
[    5.142683] Yama: becoming mindful.
[    5.189173] AppArmor: AppArmor initialized
[    5.245002] Dentry cache hash table entries: 131072 (order: 8, 1048576 bytes)
[    5.317662] Inode-cache hash table entries: 65536 (order: 7, 524288 bytes)
[    5.397693] Mount-cache hash table entries: 2048 (order: 2, 16384 bytes)
[    5.474891] Mountpoint-cache hash table entries: 2048 (order: 2, 16384 bytes)
[    5.551707] Initializing cgroup subsys io
[    5.587356] Initializing cgroup subsys memory
[    5.651025] Initializing cgroup subsys devices
[    5.692128] Initializing cgroup subsys freezer
[    5.744260] Initializing cgroup subsys net_cls
[    5.761364] Initializing cgroup subsys perf_event
[    5.774998] Initializing cgroup subsys net_prio
[    5.780852] Initializing cgroup subsys hugetlb
[    5.800569] Initializing cgroup subsys pids
[    5.826470] CPU: Physical Processor ID: 0
[    5.865342] CPU: Processor Core ID: 0
[    5.918403] mce: CPU supports 0 MCE banks
[    5.972324] Last level iTLB entries: 4KB 64, 2MB 8, 4MB 8
[    6.039104] Last level dTLB entries: 4KB 64, 2MB 0, 4MB 0, 1GB 4
[    6.092865] Freeing SMP alternatives memory: 32K (ffffffff820b9000 - ffffffff820c1000)
[    6.144018] ftrace: allocating 32123 entries in 126 pages
[    6.182787] smpboot: APIC(0) Converting physical 0 to logical package 0
[    6.274098] smpboot: Max logical packages: 1
[    6.335548] x2apic enabled
[    6.377570] Switched APIC routing to physical x2apic.
[    6.429247] ..TIMER: vector=0x30 apic1=0 pin1=2 apic2=-1 pin2=-1
[    6.609268] smpboot: CPU0: Intel(R) Core(TM) i5-5257U CPU @ 2.70GHz (family: 0x6, model: 0x3d, stepping: 0x4)
[    6.743524] Performance Events: unsupported p6 CPU model 61 no PMU driver, software events only.
[    6.852473] KVM setup paravirtual spinlock
[    6.856033] x86: Booting SMP configuration:
[    6.868093] .... node  #0, CPUs:      #1
[    6.869183] kvm-clock: cpu 1, msr 0:3ffe3041, secondary cpu clock
[    6.872485] mce: CPU supports 0 MCE banks
[    6.917485] x86: Booted up 1 node, 2 CPUs
[    6.943659] smpboot: Total of 2 processors activated (10799.99 BogoMIPS)
[    7.000049] devtmpfs: initialized
[    7.028601] evm: security.selinux
[    7.062238] evm: security.SMACK64
[    7.095083] evm: security.SMACK64EXEC
[    7.128437] evm: security.SMACK64TRANSMUTE
[    7.158298] evm: security.SMACK64MMAP
[    7.190117] evm: security.ima
[    7.223906] evm: security.capability
[    7.259782] clocksource: jiffies: mask: 0xffffffff max_cycles: 0xffffffff, max_idle_ns: 7645041785100000 ns
[    7.347590] pinctrl core: initialized pinctrl subsystem
[    7.388314] RTC time: 12:58:21, date: 08/07/17
[    7.424186] NET: Registered protocol family 16
[    7.480476] cpuidle: using governor ladder
[    7.528014] cpuidle: using governor menu
[    7.558328] PCCT header not found.
[    7.589348] ACPI: bus type PCI registered
[    7.613461] acpiphp: ACPI Hot Plug PCI Controller Driver version: 0.5
[    7.683229] PCI: Using configuration type 1 for base access
[    7.743398] ACPI: Added _OSI(Module Device)
[    7.773717] ACPI: Added _OSI(Processor Device)
[    7.798341] ACPI: Added _OSI(3.0 _SCP Extensions)
[    7.825883] ACPI: Added _OSI(Processor Aggregator Device)
[    7.874957] ACPI: Executed 1 blocks of module-level executable AML code
[    7.952405] ACPI: Interpreter enabled
[    7.964427] ACPI: (supports S0 S5)
[    7.997243] ACPI: Using IOAPIC for interrupt routing
[    8.017247] PCI: Using host bridge windows from ACPI; if necessary, use "pci=nocrs" and report a bug
[    8.121319] ACPI: PCI Root Bridge [PCI0] (domain 0000 [bus 00-ff])
[    8.173184] acpi PNP0A03:00: _OSC: OS supports [ASPM ClockPM Segments MSI]
[    8.237788] acpi PNP0A03:00: _OSC failed (AE_NOT_FOUND); disabling ASPM
[    8.276915] acpi PNP0A03:00: fail to add MMCONFIG information, can't access extended PCI configuration space under this bridge.
[    8.380303] PCI host bridge to bus 0000:00
[    8.425022] pci_bus 0000:00: root bus resource [io  0x0000-0x0cf7 window]
[    8.494883] pci_bus 0000:00: root bus resource [io  0x0d00-0xffff window]
[    8.571969] pci_bus 0000:00: root bus resource [mem 0x000a0000-0x000bffff window]
[    8.636896] pci_bus 0000:00: root bus resource [mem 0x40000000-0xffdfffff window]
[    8.707039] pci_bus 0000:00: root bus resource [bus 00-ff]
[    8.762451] pci 0000:00:01.1: legacy IDE quirk: reg 0x10: [io  0x01f0-0x01f7]
[    8.810707] pci 0000:00:01.1: legacy IDE quirk: reg 0x14: [io  0x03f6]
[    8.861652] pci 0000:00:01.1: legacy IDE quirk: reg 0x18: [io  0x0170-0x0177]
[    8.934602] pci 0000:00:01.1: legacy IDE quirk: reg 0x1c: [io  0x0376]
[    8.995941] pci 0000:00:07.0: quirk: [io  0x4000-0x403f] claimed by PIIX4 ACPI
[    9.046292] pci 0000:00:07.0: quirk: [io  0x4100-0x410f] claimed by PIIX4 SMB
[    9.067411] ACPI: PCI Interrupt Link [LNKA] (IRQs 5 9 10 *11)
[    9.101983] ACPI: PCI Interrupt Link [LNKB] (IRQs 5 9 10 *11)
[    9.157918] ACPI: PCI Interrupt Link [LNKC] (IRQs 5 9 *10 11)
[    9.183395] ACPI: PCI Interrupt Link [LNKD] (IRQs 5 *9 10 11)
[    9.185303] ACPI: Enabled 2 GPEs in block 00 to 07
[    9.186941] vgaarb: setting as boot device: PCI:0000:00:02.0
[    9.225740] vgaarb: device added: PCI:0000:00:02.0,decodes=io+mem,owns=io+mem,locks=none
[    9.307756] vgaarb: loaded
[    9.332537] vgaarb: bridge control possible 0000:00:02.0
[    9.376861] SCSI subsystem initialized
[    9.405291] ACPI: bus type USB registered
[    9.460610] usbcore: registered new interface driver usbfs
[    9.505206] usbcore: registered new interface driver hub
[    9.538155] usbcore: registered new device driver usb
[    9.593235] PCI: Using ACPI for IRQ routing
[    9.632987] NetLabel: Initializing
[    9.678824] NetLabel:  domain hash size = 128
[    9.726034] NetLabel:  protocols = UNLABELED CIPSOv4
[    9.768409] NetLabel:  unlabeled traffic allowed by default
[    9.821853] amd_nb: Cannot enumerate AMD northbridges
[    9.854892] clocksource: Switched to clocksource kvm-clock
[    9.883598] AppArmor: AppArmor Filesystem Enabled
[    9.937016] pnp: PnP ACPI init
[    9.941015] pnp: PnP ACPI: found 3 devices
[   10.004416] clocksource: acpi_pm: mask: 0xffffff max_cycles: 0xffffff, max_idle_ns: 2085701024 ns
[   10.159285] NET: Registered protocol family 2
[   10.165315] TCP established hash table entries: 8192 (order: 4, 65536 bytes)
[   10.166810] TCP bind hash table entries: 8192 (order: 5, 131072 bytes)
[   10.168260] TCP: Hash tables configured (established 8192 bind 8192)
[   10.195093] UDP hash table entries: 512 (order: 2, 16384 bytes)
[   10.313346] UDP-Lite hash table entries: 512 (order: 2, 16384 bytes)
[   10.415635] NET: Registered protocol family 1
[   10.487758] pci 0000:00:00.0: Limiting direct PCI/PCI transfers
[   10.607939] pci 0000:00:01.0: Activating ISA DMA hang workarounds
[   10.698071] Trying to unpack rootfs image as initramfs...
[   12.403002] Freeing initrd memory: 10832K (ffff880036ac8000 - ffff88003755c000)
[   12.469297] RAPL PMU detected, API unit is 2^-32 Joules, 4 fixed counters 10737418240 ms ovfl timer
[   12.593492] hw unit of domain pp0-core 2^-0 Joules
[   12.620769] hw unit of domain package 2^-0 Joules
[   12.630656] hw unit of domain dram 2^-0 Joules
[   12.645181] hw unit of domain pp1-gpu 2^-0 Joules
[   12.649242] platform rtc_cmos: registered platform RTC device (no PNP device found)
[   12.657270] Scanning for low memory corruption every 60 seconds
[   12.677444] futex hash table entries: 512 (order: 3, 32768 bytes)
[   12.688407] audit: initializing netlink subsys (disabled)
[   12.699818] audit: type=2000 audit(1502110702.067:1): initialized
[   12.701425] Initialise system trusted keyring
[   12.702672] HugeTLB registered 2 MB page size, pre-allocated 0 pages
[   12.713911] zbud: loaded
[   12.714965] VFS: Disk quotas dquot_6.6.0
[   12.737566] VFS: Dquot-cache hash table entries: 512 (order 0, 4096 bytes)
[   12.741469] squashfs: version 4.0 (2009/01/31) Phillip Lougher
[   12.743129] fuse init (API version 7.23)
[   12.783854] Key type big_key registered
[   12.826817] Allocating IMA MOK and blacklist keyrings.
[   12.931783] Key type asymmetric registered
[   12.972640] Asymmetric key parser 'x509' registered
[   13.048396] Block layer SCSI generic (bsg) driver version 0.4 loaded (major 249)
[   13.120062] io scheduler noop registered
[   13.151442] io scheduler deadline registered (default)
[   13.200800] io scheduler cfq registered
[   13.236874] pci_hotplug: PCI Hot Plug PCI Core version: 0.5
[   13.284919] pciehp: PCI Express Hot Plug Controller Driver version: 0.4
[   13.341617] ACPI: AC Adapter [AC] (on-line)
[   13.417631] input: Power Button as /devices/LNXSYSTM:00/LNXPWRBN:00/input/input0
[   13.469304] ACPI: Power Button [PWRF]
[   13.482731] input: Sleep Button as /devices/LNXSYSTM:00/LNXSLPBN:00/input/input1
[   13.578840] ACPI: Sleep Button [SLPF]
[   13.626441] GHES: HEST is not enabled!
[   13.627404] ACPI: Battery Slot [BAT0] (battery present)
[   13.787960] tsc: Refined TSC clocksource calibration: 2699.714 MHz
[   13.854387] clocksource: tsc: mask: 0xffffffffffffffff max_cycles: 0x26ea3050b63, max_idle_ns: 440795291157 ns
[   13.854559] Serial: 8250/16550 driver, 32 ports, IRQ sharing enabled
[   14.028223] 00:02: ttyS0 at I/O 0x3f8 (irq = 4, base_baud = 115200) is a 16550A
[   14.082503] Linux agpgart interface v0.103
[   14.097062] brd: module loaded
[   14.097765] loop: module loaded
[   14.098217] scsi host0: ata_piix
[   14.098267] scsi host1: ata_piix
[   14.098294] ata1: PATA max UDMA/33 cmd 0x1f0 ctl 0x3f6 bmdma 0xd000 irq 14
[   14.098294] ata2: PATA max UDMA/33 cmd 0x170 ctl 0x376 bmdma 0xd008 irq 15
[   14.098358] libphy: Fixed MDIO Bus: probed
[   14.098360] tun: Universal TUN/TAP device driver, 1.6
[   14.098360] tun: (C) 1999-2004 Max Krasnyansky <maxk@qualcomm.com>
[   14.098624] PPP generic driver version 2.4.2
[   14.098673] ehci_hcd: USB 2.0 'Enhanced' Host Controller (EHCI) Driver
[   14.098676] ehci-pci: EHCI PCI platform driver
[   14.098689] ehci-platform: EHCI generic platform driver
[   14.098696] ohci_hcd: USB 1.1 'Open' Host Controller (OHCI) Driver
[   14.098699] ohci-pci: OHCI PCI platform driver
[   14.098706] ohci-platform: OHCI generic platform driver
[   14.098712] uhci_hcd: USB Universal Host Controller Interface driver
[   14.098761] i8042: PNP: PS/2 Controller [PNP0303:PS2K,PNP0f03:PS2M] at 0x60,0x64 irq 1,12
[   14.130685] serio: i8042 KBD port at 0x60,0x64 irq 1
[   14.130691] serio: i8042 AUX port at 0x60,0x64 irq 12
[   14.130833] mousedev: PS/2 mouse device common for all mice
[   14.131258] rtc_cmos rtc_cmos: rtc core: registered rtc_cmos as rtc0
[   14.131312] rtc_cmos rtc_cmos: alarms up to one day, 114 bytes nvram
[   14.131318] i2c /dev entries driver
[   14.131372] device-mapper: uevent: version 1.0.3
[   14.131419] device-mapper: ioctl: 4.34.0-ioctl (2015-10-28) initialised: dm-devel@redhat.com
[   14.131439] ledtrig-cpu: registered to indicate activity on CPUs
[   14.131687] NET: Registered protocol family 10
[   14.131815] NET: Registered protocol family 17
[   14.131822] Key type dns_resolver registered
[   14.135394] microcode: CPU0 sig=0x306d4, pf=0x40, revision=0x0
[   14.135405] microcode: CPU1 sig=0x306d4, pf=0x40, revision=0x0
[   14.135455] microcode: Microcode Update Driver: v2.01 <tigran@aivazian.fsnet.co.uk>, Peter Oruba
[   14.135556] registered taskstats version 1
[   14.135568] Loading compiled-in X.509 certificates
[   14.136123] Loaded X.509 cert 'Build time autogenerated kernel key: 32ca4feee90b5cde51f5f8c0e024b22f8c679982'
[   14.136137] zswap: loaded using pool lzo/zbud
[   14.137656] Key type trusted registered
[   14.139842] Key type encrypted registered
[   14.139848] AppArmor: AppArmor sha1 policy hashing enabled
[   14.139851] ima: No TPM chip found, activating TPM-bypass!
[   14.139867] evm: HMAC attrs: 0x1
[   14.140094]   Magic number: 13:252:986
[   14.147989] rtc_cmos rtc_cmos: setting system clock to 2017-08-07 12:58:28 UTC (1502110708)
[   14.148139] BIOS EDD facility v0.16 2004-Jun-25, 0 devices found
[   14.148139] EDD information not available.
[   14.311519] input: AT Translated Set 2 keyboard as /devices/platform/i8042/serio0/input/input2
[   16.249534] Freeing unused kernel memory: 1488K (ffffffff81f45000 - ffffffff820b9000)
[   16.282778] Write protecting the kernel read-only data: 14336k
[   16.284657] Freeing unused kernel memory: 1776K (ffff880001844000 - ffff880001a00000)
[   16.286746] Freeing unused kernel memory: 116K (ffff880001de3000 - ffff880001e00000)
Loading, please wait...
starting version[   16.300170] random: systemd-udevd: uninitialized urandom read (16 bytes read, 7 bits of entropy available)
 229
[   16.300751] random: udevadm: uninitialized urandom read (16 bytes read, 7 bits of entropy available)
[   16.300786] random: udevadm: uninitialized urandom read (16 bytes read, 7 bits of entropy available)
[   16.300880] random: udevadm: uninitialized urandom read (16 bytes read, 7 bits of entropy available)
[   16.300915] random: udevadm: uninitialized urandom read (16 bytes read, 7 bits of entropy available)
[   16.300947] random: udevadm: uninitialized urandom read (16 bytes read, 7 bits of entropy available)
[   16.300979] random: udevadm: uninitialized urandom read (16 bytes read, 7 bits of entropy available)
[   16.301011] random: udevadm: uninitialized urandom read (16 bytes read, 7 bits of entropy available)
[   16.301134] random: udevadm: uninitialized urandom read (16 bytes read, 7 bits of entropy available)
[   16.301180] random: udevadm: uninitialized urandom read (16 bytes read, 7 bits of entropy available)
[   17.335017] Fusion MPT base driver 3.04.20
[   17.343824] Copyright (c) 1999-2008 LSI Corporation
[   17.348273] e1000: Intel(R) PRO/1000 Network Driver - version 7.3.21-k8-NAPI
[   17.351689] e1000: Copyright (c) 1999-2006 Intel Corporation.
[   17.359400] Fusion MPT SPI Host driver 3.04.20
[   17.368954] AVX version of gcm_enc/dec engaged.
[   17.398360] AES CTR mode by8 optimization enabled
[   17.564461] input: ImExPS/2 Generic Explorer Mouse as /devices/platform/i8042/serio1/input/input4
[   17.716145] e1000 0000:00:03.0 eth0: (PCI:33MHz:32-bit) 02:43:fc:58:af:9d
[   17.834217] e1000 0000:00:03.0 eth0: Intel(R) PRO/1000 Network Connection
[   17.870597] e1000 0000:00:03.0 enp0s3: renamed from eth0
[   17.955812] mptbase: ioc0: Initiating bringup
[   18.095253] ioc0: LSI53C1030 A0: Capabilities={Initiator}
[   18.430290] scsi host2: ioc0: LSI53C1030 A0, FwRev=00000000h, Ports=1, MaxQ=256, IRQ=20
[   18.787871] scsi 2:0:0:0: Direct-Access     VBOX     HARDDISK         1.0  PQ: 0 ANSI: 5
[   18.945663] scsi target2:0:0: Beginning Domain Validation
[   18.963845] scsi target2:0:0: Domain Validation skipping write tests
[   18.977889] scsi target2:0:0: Ending Domain Validation
[   18.988621] scsi target2:0:0: asynchronous
[   18.997655] scsi 2:0:1:0: Direct-Access     VBOX     HARDDISK         1.0  PQ: 0 ANSI: 5
[   19.027211] scsi target2:0:1: Beginning Domain Validation
[   19.149980] scsi target2:0:1: Domain Validation skipping write tests
[   19.183983] scsi target2:0:1: Ending Domain Validation
[   19.326877] scsi target2:0:1: asynchronous
[   19.432897] sd 2:0:0:0: [sda] 20971520 512-byte logical blocks: (10.7 GB/10.0 GiB)
[   19.577998] sd 2:0:0:0: Attached scsi generic sg0 type 0
[   19.586258] sd 2:0:0:0: [sda] Write Protect is off
[   19.586413] sd 2:0:0:0: [sda] Incomplete mode parameter data
[   19.586414] sd 2:0:0:0: [sda] Assuming drive cache: write through
[   19.588233]  sda: sda1
[   19.588845] sd 2:0:0:0: [sda] Attached SCSI disk
[   20.043425] sd 2:0:1:0: [sdb] 20480 512-byte logical blocks: (10.5 MB/10.0 MiB)
[   20.153335] sd 2:0:1:0: Attached scsi generic sg1 type 0
[   20.258269] sd 2:0:1:0: [sdb] Write Protect is off
[   20.348033] floppy0: no floppy controllers found
[   20.357054] sd 2:0:1:0: [sdb] Incomplete mode parameter data
[   20.357055] sd 2:0:1:0: [sdb] Assuming drive cache: write through
[   20.358902] sd 2:0:1:0: [sdb] Attached SCSI disk
Begin: Loading e[   21.697306] md: linear personality registered for level -1
ssential drivers ... [   21.735200] md: multipath personality registered for level -4
[   21.795417] md: raid0 personality registered for level 0
[   21.862120] md: raid1 personality registered for level 1
[   22.006945] raid6: sse2x1   gen()  9805 MB/s
[   22.123157] raid6: sse2x1   xor()  7185 MB/s
[   22.235140] raid6: sse2x2   gen() 11654 MB/s
[   22.311092] raid6: sse2x2   xor()  5042 MB/s
[   22.378997] raid6: sse2x4   gen() 13142 MB/s
[   22.503105] raid6: sse2x4   xor()  9800 MB/s
[   22.533377] raid6: using algorithm sse2x4 gen() 13142 MB/s
[   22.534562] raid6: .... xor() 9800 MB/s, rmw enabled
[   22.535697] raid6: using ssse3x2 recovery algorithm
[   22.538208] xor: automatically using best checksumming function:
[   22.579144]    avx       : 27966.000 MB/sec
[   22.689789] async_tx: api initialized (async)
[   22.752403] md: raid6 personality registered for level 6
[   22.809065] md: raid5 personality registered for level 5
[   22.847690] md: raid4 personality registered for level 4
[   22.908217] md: raid10 personality registered for level 10
done.
Begin: Running /scripts/init-p[   22.987031] Btrfs loaded
remount ... done.
Begin: Mounting root file system ... Begin: Running /scripts/local-top ... done.
Begin: Running /scripts/local-premount ... Scanning for Btrfs filesystems
done.
Warning: fsck no[   23.049484] EXT4-fs (sda1): mounted filesystem with ordered data mode. Opts: (null)
t present, so skipping root file system
done.
Begin: Running /scripts/local-bottom ... done.
Begin: Running /scripts/init-bottom ... done.
[   23.198191] systemd[1]: systemd 229 running in system mode. (+PAM +AUDIT +SELINUX +IMA +APPARMOR +SMACK +SYSVINIT +UTMP +LIBCRYPTSETUP +GCRYPT +GNUTLS +ACL +XZ -LZ4 +SECCOMP +BLKID +ELFUTILS +KMOD -IDN)
[   23.392804] systemd[1]: Detected virtualization oracle.
[   23.450871] systemd[1]: Detected architecture x86-64.

Welcome to [1mUbuntu 16.04.2 LTS[0m!

[   23.499639] systemd[1]: Set hostname to <ubuntu>.
[   23.593170] systemd[1]: Initializing machine ID from random generator.
[   23.726922] systemd[1]: Installed transient /etc/machine-id file.
[   23.892063] systemd[1]: Listening on Syslog Socket.
[[0;32m  OK  [0m] Listening on Syslog Socket.
[   23.971693] systemd[1]: Created slice User and Session Slice.
[[0;32m  OK  [0m] Created slice User and Session Slice.
[   24.033147] systemd[1]: Reached target User and Group Name Lookups.
[[0;32m  OK  [0m] Reached target User and Group Name Lookups.
[   24.171757] systemd[1]: Reached target Encrypted Volumes.
[[0;32m  OK  [0m] Reached target Encrypted Volumes.
[   24.297799] systemd[1]: Listening on udev Control Socket.
[[0;32m  OK  [0m] Listening on udev Control Socket.
[   24.300808] systemd[1]: Listening on /dev/initctl Compatibility Named Pipe.
[[0;32m  OK  [0m] Listening on /dev/initctl Compatibility Named Pipe.
[   24.415810] systemd[1]: Listening on LVM2 metadata daemon socket.
[[0;32m  OK  [0m] Listening on LVM2 metadata daemon socket.
[   24.467261] systemd[1]: Listening on LVM2 poll daemon socket.
[[0;32m  OK  [0m] Listening on LVM2 poll daemon socket.
[   24.612144] systemd[1]: Created slice System Slice.
[[0;32m  OK  [0m] Created slice System Slice.
[   24.751529] systemd[1]: Listening on Journal Audit Socket.
[[0;32m  OK  [0m] Listening on Journal Audit Socket.
[   24.887799] systemd[1]: Reached target Swap.
[[0;32m  OK  [0m] Reached target Swap.
[   24.951640] systemd[1]: Started Forward Password Requests to Wall Directory Watch.
[[0;32m  OK  [0m] Started Forward Password Requests to Wall Directory Watch.
[   25.179676] systemd[1]: Set up automount Arbitrary Executable File Formats File System Automount Point.
[[0;32m  OK  [0m] Set up automount Arbitrary Executab...ats File System Automount Point.
[   25.422185] systemd[1]: Listening on Device-mapper event daemon FIFOs.
[[0;32m  OK  [0m] Listening on Device-mapper event daemon FIFOs.
[   25.425804] systemd[1]: Created slice system-serial\x2dgetty.slice.
[[0;32m  OK  [0m] Created slice system-serial\x2dgetty.slice.
[   25.535240] systemd[1]: Listening on Journal Socket (/dev/log).
[[0;32m  OK  [0m] Listening on Journal Socket (/dev/log).
[   25.629824] systemd[1]: Listening on Journal Socket.
[[0;32m  OK  [0m] Listening on Journal Socket.
[   25.643933] systemd[1]: Starting Journal Service...
[   25.688866] random: nonblocking pool is initialized
         Starting Journal Service...
[   25.839410] systemd[1]: Starting Remount Root and Kernel File Systems...
         [   25.911683] EXT4-fs (sda1): re-mounted. Opts: (null)
Starting Remount Root and Kernel File Systems...
[   26.019653] systemd[1]: Starting Uncomplicated firewall...
         Starting Uncomplicated firewall...
[   26.067466] systemd[1]: Starting Nameserver information manager...
         Starting Nameserver information manager...
[   26.167436] systemd[1]: Mounting Debug File System...
         Mounting Debug File System...
[   26.235418] systemd[1]: Mounting Huge Pages File System...
         Mounting Huge Pages File System...
[   26.295634] systemd[1]: Starting Load Kernel Modules...
         Starting Load Ke[   26.358369] Loading iSCSI transport class v2.0-870.
rnel Modules...
[   26.385713] systemd[1]: Starting Create list of required static device nodes for the current kernel...
         [   26.389736] iscsi: registered transport (tcp)
Starting Create list of required st... nodes for the current kernel...
[   26.515671] systemd[1]: Starting Set console keymap...
[   26.515943] iscsi: registered transport (iser)
         Starting Set console keymap...
[   26.543855] systemd[1]: Starting Monitoring of LVM2 mirrors, snapshots etc. using dmeventd or progress polling...
         Starting Monitoring of LVM2 mirrors... dmeventd or progress polling...
[   26.667136] systemd[1]: Mounting POSIX Message Queue File System...
         Mounting POSIX Message Queue File System...
[   26.695981] systemd[1]: Reached target Slices.
[[0;32m  OK  [0m] Reached target Slices.
[   26.787602] systemd[1]: Listening on udev Kernel Socket.
[[0;32m  OK  [0m] Listening on udev Kernel Socket.
[   26.849424] systemd[1]: Mounted Debug File System.
[[0;32m  OK  [0m] Mounted Debug File System.
[   26.911890] systemd[1]: Mounted POSIX Message Queue File System.
[[0;32m  OK  [0m] Mounted POSIX Message Queue File System.
[   27.063950] systemd[1]: Mounted Huge Pages File System.
[[0;32m  OK  [0m] Mounted Huge Pages File System.
[   27.228511] systemd[1]: Started Journal Service.
[[0;32m  OK  [0m] Started Journal Service.
[[0;32m  OK  [0m] Started Remount Root and Kernel File Systems.
[[0;32m  OK  [0m] Started Uncomplicated firewall.
[[0;32m  OK  [0m] Started Load Kernel Modules.
[[0;32m  OK  [0m] Started Create list of required sta...ce nodes for the current kernel.
[[0;32m  OK  [0m] Started Set console keymap.
[[0;32m  OK  [0m] Started Nameserver information manager.
[[0;32m  OK  [0m] Started LVM2 metadata daemon.
         Starting Create Static Device Nodes in /dev...
         Starting Apply Kernel Variables...
         Mounting FUSE Control File System...
         Starting Load/Save Random Seed...
         Starting Initial cloud-init job (pre-networking)...
         Starting udev Coldplug all Devices...
         Starting Flush Journal to Persistent Storage...
[[0;32m  OK  [0m] Mounted FUSE Control File System.
[[0;32m  OK  [0m] Started Create Static Device Nodes in /dev.
[[0;32m  OK  [0m] Started Apply Kernel Variables.
[[0;32m  OK  [0m] Started Monitoring of LVM2 mirrors,...ng dmeventd or progress polling.
[[0;32m  OK  [0m] Started Load/Save Random Seed.
[[0;32m  OK  [0m] Started Flush Journal to Persistent Storage.
[[0;32m  OK  [0m] Started udev Coldplug all Devices.
         Starting udev Kernel Device Manager...
[[0;32m  OK  [0m] Started udev Kernel Device Manager.
[[0;32m  OK  [0m] Reached target Local File Systems (Pre).
[[0;32m  OK  [0m] Reached target Local File Systems.
         Starting LSB: AppArmor initialization...
         Starting Create Volatile Files and Directories...
         Starting Tell Plymouth To Write Out Runtime Data...
         Starting Set console font and keymap...
         Starting Commit a transient machine-id on disk...
[[0;32m  OK  [0m] Started Dispatch Password Requests to Console Directory Watch.
[[0;32m  OK  [0m] Started Create Volatile Files and Directories.
[[0;32m  OK  [0m] Started Tell Plymouth To Write Out Runtime Data.
[[0;32m  OK  [0m] Started Commit a transient machine-id on disk.
[[0;32m  OK  [0m] Found device /dev/ttyS0.
[[0;32m  OK  [0m] Reached target System Time Synchronized.
         Starting Update UTMP about System Boot/Shutdown...
[[0;32m  OK  [0m] Started Update UTMP about System Boot/Shutdown.
[   19.707405] cloud-init[475]: Cloud-init v. 0.7.9 running 'init-local' at Mon, 07 Aug 2017 12:58:42 +0000. Up 19.27 seconds.
[[0;32m  OK  [0m] Listening on Load/Save RF Kill Switch Status /dev/rfkill Watch.
[[0;32m  OK  [0m] Started Initial cloud-init job (pre-networking).
[[0;32m  OK  [0m] Started LSB: AppArmor initialization.
[[0;32m  OK  [0m] Reached target Network (Pre).
         Starting Raise network interfaces...
[[0;32m  OK  [0m] Started Set console font and keymap.
[[0;32m  OK  [0m] Created slice system-getty.slice.
[[0;32m  OK  [0m] Started Raise network interfaces.
[[0;32m  OK  [0m] Reached target Network.
         Starting Initial cloud-init job (metadata service crawler)...
[   22.887331] cloud-init[1044]: Cloud-init v. 0.7.9 running 'init' at Mon, 07 Aug 2017 12:58:46 +0000. Up 22.45 seconds.
[[0;32m  OK  [0m] Started Initial cloud-init job (metadata service crawler).
[   22.974282] [cloud-init[0;32m  OK  [0m[1044]: ] ci-info: +++++++++++++++++++++++++++++++++++++Net device info++++++++++++++++++++++++++++++++++++++Reached target System Initialization.

[   23.141291] [cloud-init[0;32m  OK  [0m[1044]: ] ci-info: +--------+------+----------------------------+---------------+-------+-------------------+Listening on D-Bus System Message Bus Socket.

[   23.142271] [cloud-init[0;32m  OK  [0m[1044]: ] ci-info: | Device |  Up  |          Address           |      Mask     | Scope |     Hw-Address    |Started Daily Cleanup of Temporary Directories.

[   23.368803] [cloud-init[0;32m  OK  [0m[1044]: ] ci-info: +--------+------+----------------------------+---------------+-------+-------------------+Started Timer to automatically refresh installed snaps.

[   23.369350] [cloud-init[0;32m  OK  [0m[1044]: ] ci-info: |   lo   | True |         127.0.0.1          |   255.0.0.0   |   .   |         .         |Started ACPI Events Check.

[   23.608826] [cloud-init[0;32m  OK  [0m[1044]: ] ci-info: |   lo   | True |          ::1/128           |       .       |  host |         .         |Started Trigger resolvconf update for networkd DNS.

[   23.609638] [[0;32m  OK  [0m] Reached target Paths.
cloud-init[1044]: ci-info: | enp0s3 | True |         10.0.2.15          | 255.255.255.0 |   .   | 02:43:fc:58:af:9d |
[   23.691538] cloud-init[1044]: ci-info: | enp0s3 | True | fe80::43:fcff:fe58:af9d/64 |       .       |  link | 02:43:fc:58:af:9d |
[[0;32m  OK  [0m] Listening on ACPID Listen Socket.
[   23.693278] [cloud-init[0;32m  OK  [0m[1044]: ] ci-info: +--------+------+----------------------------+---------------+-------+-------------------+Listening on UUID daemon activation socket.

[   23.764904]          cloud-initStarting LXD - unix socket.[1044]: 
ci-info: +++++++++++++++++++++++++++Route IPv4 info++++++++++++++++++++++++++++
[   23.799566] cloud-init[1044]: ci-info: +-------+-------------+----------+---------------+-----------+-------+
[[0;32m  OK  [0m] Started Daily apt activities.
[[0;32m  OK  [0m] Reached target Timers.
[   23.800241] cloud-init[1044]: ci-info: | Route | Destination | Gateway  |    Genmask    | Interface | Flags |
[   23.985081]          cloud-initStarting Socket activation for snappy daemon.[1044]: 
ci-info: +-------+-------------+----------+---------------+-----------+-------+
[   24.044513] [cloud-init[0;32m  OK  [0m[1044]: ] ci-info: |   0   |   0.0.0.0   | 10.0.2.2 |    0.0.0.0    |   enp0s3  |   UG  |Reached target Network is Online.

[   24.133452]          cloud-initStarting iSCSI initiator daemon (iscsid)...[1044]: 
ci-info: |   1   |   10.0.2.0  | 0.0.0.0  | 255.255.255.0 |   enp0s3  |   U   |
[   24.228599] [cloud-init[0;32m  OK  [0m[1044]: ] ci-info: +-------+-------------+----------+---------------+-----------+-------+Reached target Cloud-config availability.

[   24.229343] cloud-init[1044]: Generating public/private rsa key pair.
[   24.293137] [cloud-init[0;32m  OK  [0m[1044]: ] Your identification has been saved in /etc/ssh/ssh_host_rsa_key.Listening on LXD - unix socket.

[[0;32m  OK  [0m] Listening on Socket activation for snappy daemon.
[   24.294089] cloud-init[1044]: Your public key has been saved in /etc/ssh/ssh_host_rsa_key.pub.
[   24.480734] [cloud-init[0;32m  OK  [0m[1044]: ] The key fingerprint is:Started iSCSI initiator daemon (iscsid).

[   24.481597] cloud-init[1044]: SHA256:8VEthKX/VuqHytfiXMNGC5ANhsc0Z7a7d5JQYHVAajk root@ubuntu-xenial
[   24.580633]          cloud-initStarting Login to default iSCSI targets...[1044]: 
The key's randomart image is:
[   24.653131] [cloud-init[0;32m  OK  [0m[1044]: ] +---[RSA 2048]----+Reached target Sockets.

[[0;32m  OK  [0m] Reached target Basic System.
[   24.654076] cloud-init[1044]: |          +O*B+..|
[   24.748567]          cloud-initStarting System Logging Service...[1044]: 
|         .o*X+o. |
[   24.773063]          Starting Apply the settings specified in cloud-config...
cloud-init[1044]: |        . +oE+.  |
[   24.788270]          cloud-initStarting Pollinate to seed the pseudo random number generator...[1044]: 
|         o +.o.  |
[   24.804877] [cloud-init[0;32m  OK  [0m[1044]: ] |        S . oo ..|Started ACPI event daemon.

[   24.814209]          cloud-initStarting LXD - container startup/shutdown...[1044]: 
|             o=+.|
[   24.844913]          cloud-initStarting LSB: Record successful boot for GRUB...[1044]: 
|             .*Oo|
[[0;32m  OK  [0m] Started FUSE filesystem for LXC.
[   24.892453] cloud-init[1044]: |           . +*o=|
[   24.924052]          cloud-initStarting Accounts Service...[1044]: 
|            o++o |
[   24.960315]          cloud-initStarting /etc/rc.local Compatibility...[1044]: 
+----[SHA256]-----+
[   24.983872] [cloud-init[0;32m  OK  [0m[1044]: ] Generating public/private dsa key pair.Started D-Bus System Message Bus.

[   24.984399] cloud-init[1044]: Your identification has been saved in /etc/ssh/ssh_host_dsa_key.
[   25.025394] cloud-init[1044]: Your public key has been saved in /etc/ssh/ssh_host_dsa_key.pub.
[   25.081547] [cloud-init[0;32m  OK  [0m[1044]: ] The key fingerprint is:Started Regular background program processing daemon.

[   25.082009] cloud-init[1044]: SHA256:f679AbJbCy2KfQ4Xdjf14JsHk5pV1HwibCc5ugvxVZg root@ubuntu-xenial
[   25.201084]          cloud-initStarting Login Service...[1044]: 
The key's randomart image is:
[   25.224197]          cloud-initStarting LSB: MD monitoring daemon...[1044]: 
+---[DSA 1024]----+
[   25.280482] [cloud-init[0;32m  OK  [0m[1044]: ] |           . + .o|Started Snappy daemon.

[   25.281093] cloud-init[1044]: |            E +.+|
[   25.338954] cloud-init[1044]: |           o *..+|
[   25.340227] cloud-init[1044]: |        . . .. =.|
[   25.341396] cloud-init[1044]: |        So+oo O .|
[   25.360733]          cloud-initStarting Auto import assertions from block devices...[1044]: 
|        .oo* * * |
[   25.396399] [cloud-init[0;32m  OK  [0m[1044]: ] |        ..*.* + .|Started Deferred execution scheduler.

[   25.396870] cloud-init[1044]: |       o +oO . o |
[   25.428474] [cloud-init[0;32m  OK  [0m[1044]: ] |      . oo+.+..  |Started System Logging Service.

[[0;32m  OK  [0m] Started Pollinate to seed the pseudo random number generator.
[   25.431990] cloud-init[1044]: +----[SHA256]-----+
[   25.435819] [cloud-init[0;32m  OK  [0m[1044]: ] Generating public/private ecdsa key pair.Started LXD - container startup/shutdown.

[   25.439707] [cloud-init[0;32m  OK  [0m[1044]: ] Your identification has been saved in /etc/ssh/ssh_host_ecdsa_key.Started /etc/rc.local Compatibility.

[   25.440186] cloud-init[1044]: Your public key has been saved in /etc/ssh/ssh_host_ecdsa_key.pub.
[   25.526028] [cloud-init[0;32m  OK  [0m[1044]: ] The key fingerprint is:Started Auto import assertions from block devices.

[   25.526878] cloud-init[1044]: SHA256:bUcQigblpZ+7odoWjx/bP7uztsp6eLJ8PGELj5UTdmk root@ubuntu-xenial
[   25.601720] cloud-init[1044]: The key's randomart image is:
[   25.604210] cloud-init[1044]: +---[ECDSA 256]---+
[   25.607096] cloud-init[1044]: |    ... . o.     |
[[0;32m  OK  [0m] Started Login to default iSCSI targets.
[   25.660768] cloud-init[1044]: |     o + . .     |
[   25.738732] [cloud-init[0;32m  OK  [0m[1044]: ] |      = .   ..   |Started LSB: Record successful boot for GRUB.

[   25.739203] cloud-init[1044]: |     . . oo.E    |
[   25.904498] [cloud-init[0;32m  OK  [0m[1044]: ] |        S.o=.    |Started LSB: MD monitoring daemon.

[   25.905211] cloud-init[1044]: |      . .o*.     |
         Starting Authenticate and Authorize Users to Run Privileged Tasks...
[[0;32m  OK  [0m] Reached target Remote File Systems (Pre).
[[0;32m  OK  [0m] Reached target Remote File Systems.
[   26.036380] cloud-init[1044]: |       ++O +     |
[   26.113274]          cloud-initStarting LSB: automatic crash report generation...[1044]: 
|     .oo=BO +    |
[   26.160965]          cloud-initStarting LSB: Set the CPU Frequency Scaling governor to "ondemand"...[1044]: 
|    .oo.BB+=*B   |
[   26.200520]          cloud-initStarting Permit User Sessions...[1044]: 
+----[SHA256]-----+
         Starting LSB: VirtualBox Linux Additions...
[   26.244289] cloud-init[1044]: Generating public/private ed25519 key pair.
[   26.278421] cloud-init[1044]: Your identification has been saved in /etc/ssh/ssh_host_ed25519_key.
         Starting LSB: daemon to balance interrupts for SMP systems...
[   26.311741] cloud-init[1044]: Your public key has been saved in /etc/ssh/ssh_host_ed25519_key.pub.
         Starting OpenBSD Secure Shell server...
[   26.356219] cloud-init[1044]: The key fingerprint is:
[   26.372299] [cloud-init[0;32m  OK  [0m[1044]: ] SHA256:Xs6JAXOSqcH/ro7T4I44/Diyafc7DRCqqx9+LoDU1Ko root@ubuntu-xenialStarted OpenBSD Secure Shell server.

[   26.373257] cloud-init[1044]: The key's randomart image is:
[   26.417648] [[0;32m  OK  [0m] Started Permit User Sessions.
cloud-init[1044]: +--[ED25519 256]--+
[   26.432457] cloud-init[1044]: |    .            |
[   26.448471] cloud-init[1044]: |   + . o         |
[   26.456705] cloud-init[1044]: |  + = * .        |
[[0;32m  OK  [0m] Started Login Service.
[   26.471693] cloud-init[1044]: | o + + =         |
[[0;32m  OK  [0m] Started Authenticate and Authorize Users to Run Privileged Tasks.
[[0;32m  OK  [0m] Started Accounts Service.
[   26.479447] cloud-init[1044]: |+ . o . S .      |
[   26.513646] cloud-init[1044]: |+E  .. o * .     |
[[0;32m  OK  [0m] Started LSB: Set the CPU Frequency Scaling governor to "ondemand".
[[0;32m  OK  [0m] Started LSB: automatic crash report generation.
[   26.549429] cloud-init[1044]: |.o.. oo + +      |
[   26.605997] cloud-init[1044]: |+Bo++o.o         |
         Starting Hold until boot process finishes up...
[   26.624577] cloud-init[1044]: |O=B*===..        |
[   26.660907]          Starting Terminate Plymouth Boot Screen...
cloud-init[1044]: +----[SHA256]-----+
[[0;32m  OK  [0m] Started LSB: daemon to balance interrupts for SMP systems.
[   26.693515] [cloud-init[0;32m  OK  [0m[1146]: Generating locales (this might take a while)...
] Started LSB: VirtualBox Linux Additions.
[[0;32m  OK  [0m] Started Hold until boot process finishes up.
[[0;32m  OK  [0m] Started Terminate Plymouth Boot Screen.
[   26.724477] cloud-init[1146]:   en_US.UTF-8... done
[   26.769534] cloud-init[1146]: Generation complete.
         Starting Set console scheme...
[[0;32m  OK  [0m] Started Getty on tty1.
[[0;32m  OK  [0m] Started Serial Getty on ttyS0.
[[0;32m  OK  [0m] Reached target Login Prompts.
[[0;32m  OK  [0m] Reached target Multi-User System.
[[0;32m  OK  [0m] Reached target Graphical Interface.
         Starting Update UTMP about System Runlevel Changes...
[[0;32m  OK  [0m] Started Set console scheme.
[[0;32m  OK  [0m] Started Update UTMP about System Runlevel Changes.
         Stopping OpenBSD Secure Shell server...
[[0;32m  OK  [0m] Stopped OpenBSD Secure Shell server.
         Starting OpenBSD Secure Shell server...
[[0;32m  OK  [0m] Started OpenBSD Secure Shell server.
[[0;32m  OK  [0m] Created slice User Slice of ubuntu.
         Starting User Manager for UID 1000...
[[0;32m  OK  [0m] Started Session 1 of user ubuntu.
[[0;32m  OK  [0m] Started User Manager for UID 1000.
[   27.367872] cloud-init[1146]: Cloud-init v. 0.7.9 running 'modules:config' at Mon, 07 Aug 2017 12:58:48 +0000. Up 25.18 seconds.
[[0;32m  OK  [0m] Started Apply the settings specified in cloud-config.
         Starting Execute cloud user/final scripts...
ci-info: no authorized ssh keys fingerprints found for user ubuntu.
<14>Aug  7 12:58:51 ec2: 
<14>Aug  7 12:58:51 ec2: #############################################################
<14>Aug  7 12:58:51 ec2: -----BEGIN SSH HOST KEY FINGERPRINTS-----
<14>Aug  7 12:58:51 ec2: 1024 SHA256:f679AbJbCy2KfQ4Xdjf14JsHk5pV1HwibCc5ugvxVZg root@ubuntu-xenial (DSA)
<14>Aug  7 12:58:51 ec2: 256 SHA256:bUcQigblpZ+7odoWjx/bP7uztsp6eLJ8PGELj5UTdmk root@ubuntu-xenial (ECDSA)
<14>Aug  7 12:58:51 ec2: 256 SHA256:Xs6JAXOSqcH/ro7T4I44/Diyafc7DRCqqx9+LoDU1Ko root@ubuntu-xenial (ED25519)
<14>Aug  7 12:58:51 ec2: 2048 SHA256:8VEthKX/VuqHytfiXMNGC5ANhsc0Z7a7d5JQYHVAajk root@ubuntu-xenial (RSA)
<14>Aug  7 12:58:51 ec2: -----END SSH HOST KEY FINGERPRINTS-----
<14>Aug  7 12:58:51 ec2: #############################################################
-----BEGIN SSH HOST KEY KEYS-----
ecdsa-sha2-nistp256 AAAAE2VjZHNhLXNoYTItbmlzdHAyNTYAAAAIbmlzdHAyNTYAAABBBDLS4UOe2CRvN5oSUvV2WZTOOhsjGBvt90u/7+fmYnm14V0HIcO3CuyIZ4OOjGmEDYltwESCLARAE/sqdVHRawQ= root@ubuntu-xenial
ssh-ed25519 AAAAC3NzaC1lZDI1NTE5AAAAIGBNCQew1qO48hSFntNf9tBXg97FkKbRf0mISIDTO8Ya root@ubuntu-xenial
ssh-rsa AAAAB3NzaC1yc2EAAAADAQABAAABAQDHJsWfan2T6PlKd9UBw8AOgsQYz4OBjMCJ1Xc35Kx9kEYoNF/02xpXO9osI794sfvGYJIpruA3t5VfXvv1Sd8qUGMN6l4GrYS8tl6qwJkmRCPJaY9Yj5m1ncDeCI4PrO7jiJHtVNUKOUJY1hzN/wCwnWaGDOnKiTU/we/FyaH1HZk2V8k+8hWM1r5QXh6w/j9iL8PxqLqP15M1dex6ObYsV71Cg42vUY0YHFrdhhtdTFCX8Q9MMSaGnhRmE3itDiQUcYymZhJZqnkIDwwH7yP0XYwRtX1SfhjAGYP2o5n3QLFT+j4jBYIikZzz5bga/XYNvlU1Kyc4WLhOgbZ/IezL root@ubuntu-xenial
-----END SSH HOST KEY KEYS-----
[   28.453611] cloud-init[1468]: Cloud-init v. 0.7.9 running 'modules:final' at Mon, 07 Aug 2017 12:58:51 +0000. Up 28.01 seconds.
[   28.501023] cloud-init[1468]: ci-info: no authorized ssh keys fingerprints found for user ubuntu.
[   28.549872] cloud-init[1468]: Cloud-init v. 0.7.9 finished at Mon, 07 Aug 2017 12:58:52 +0000. Datasource DataSourceNoCloud [seed=/dev/sdb][dsmode=net].  Up 28.44 seconds
[[0;32m  OK  [0m] Started Execute cloud user/final scripts.
[[0;32m  OK  [0m] Reached target Cloud-init target.

Ubuntu 16.04.2 LTS ubuntu-xenial ttyS0

ubuntu-xenial login: 